// Jest Snapshot v1, https://goo.gl/fbAQLP

exports[`<signUp/> renders correctly 1`] = `
ShallowWrapper {
  "length": 1,
  Symbol(enzyme.__root__): [Circular],
  Symbol(enzyme.__unrendered__): <SignUp
    signUpUser={[Function]}
/>,
  Symbol(enzyme.__renderer__): Object {
    "batchedUpdates": [Function],
    "getNode": [Function],
    "render": [Function],
    "simulateEvent": [Function],
    "unmount": [Function],
  },
  Symbol(enzyme.__node__): Object {
    "instance": null,
    "key": undefined,
    "nodeType": "host",
    "props": Object {
      "children": Array [
        <label>
          email
</label>,
        <input
          autoComplete="email"
          id="email"
          name="email"
          onChange={[Function]}
          type="text"
/>,
        <label>
          password
</label>,
        <input
          id="password"
          name="password"
          onChange={[Function]}
          type="password"
/>,
        <label>
          confirm password
</label>,
        <input
          id="passwordConfirm"
          name="passwordConfirm"
          onChange={[Function]}
          type="password"
/>,
        <button>
          Sign Up
</button>,
        undefined,
      ],
      "className": "SignUp",
      "onSubmit": [Function],
    },
    "ref": null,
    "rendered": Array [
      Object {
        "instance": null,
        "key": undefined,
        "nodeType": "host",
        "props": Object {
          "children": "email",
        },
        "ref": null,
        "rendered": "email",
        "type": "label",
      },
      Object {
        "instance": null,
        "key": undefined,
        "nodeType": "host",
        "props": Object {
          "autoComplete": "email",
          "id": "email",
          "name": "email",
          "onChange": [Function],
          "type": "text",
        },
        "ref": null,
        "rendered": null,
        "type": "input",
      },
      Object {
        "instance": null,
        "key": undefined,
        "nodeType": "host",
        "props": Object {
          "children": "password",
        },
        "ref": null,
        "rendered": "password",
        "type": "label",
      },
      Object {
        "instance": null,
        "key": undefined,
        "nodeType": "host",
        "props": Object {
          "id": "password",
          "name": "password",
          "onChange": [Function],
          "type": "password",
        },
        "ref": null,
        "rendered": null,
        "type": "input",
      },
      Object {
        "instance": null,
        "key": undefined,
        "nodeType": "host",
        "props": Object {
          "children": "confirm password",
        },
        "ref": null,
        "rendered": "confirm password",
        "type": "label",
      },
      Object {
        "instance": null,
        "key": undefined,
        "nodeType": "host",
        "props": Object {
          "id": "passwordConfirm",
          "name": "passwordConfirm",
          "onChange": [Function],
          "type": "password",
        },
        "ref": null,
        "rendered": null,
        "type": "input",
      },
      Object {
        "instance": null,
        "key": undefined,
        "nodeType": "host",
        "props": Object {
          "children": "Sign Up",
        },
        "ref": null,
        "rendered": "Sign Up",
        "type": "button",
      },
      undefined,
    ],
    "type": "form",
  },
  Symbol(enzyme.__nodes__): Array [
    Object {
      "instance": null,
      "key": undefined,
      "nodeType": "host",
      "props": Object {
        "children": Array [
          <label>
            email
</label>,
          <input
            autoComplete="email"
            id="email"
            name="email"
            onChange={[Function]}
            type="text"
/>,
          <label>
            password
</label>,
          <input
            id="password"
            name="password"
            onChange={[Function]}
            type="password"
/>,
          <label>
            confirm password
</label>,
          <input
            id="passwordConfirm"
            name="passwordConfirm"
            onChange={[Function]}
            type="password"
/>,
          <button>
            Sign Up
</button>,
          undefined,
        ],
        "className": "SignUp",
        "onSubmit": [Function],
      },
      "ref": null,
      "rendered": Array [
        Object {
          "instance": null,
          "key": undefined,
          "nodeType": "host",
          "props": Object {
            "children": "email",
          },
          "ref": null,
          "rendered": "email",
          "type": "label",
        },
        Object {
          "instance": null,
          "key": undefined,
          "nodeType": "host",
          "props": Object {
            "autoComplete": "email",
            "id": "email",
            "name": "email",
            "onChange": [Function],
            "type": "text",
          },
          "ref": null,
          "rendered": null,
          "type": "input",
        },
        Object {
          "instance": null,
          "key": undefined,
          "nodeType": "host",
          "props": Object {
            "children": "password",
          },
          "ref": null,
          "rendered": "password",
          "type": "label",
        },
        Object {
          "instance": null,
          "key": undefined,
          "nodeType": "host",
          "props": Object {
            "id": "password",
            "name": "password",
            "onChange": [Function],
            "type": "password",
          },
          "ref": null,
          "rendered": null,
          "type": "input",
        },
        Object {
          "instance": null,
          "key": undefined,
          "nodeType": "host",
          "props": Object {
            "children": "confirm password",
          },
          "ref": null,
          "rendered": "confirm password",
          "type": "label",
        },
        Object {
          "instance": null,
          "key": undefined,
          "nodeType": "host",
          "props": Object {
            "id": "passwordConfirm",
            "name": "passwordConfirm",
            "onChange": [Function],
            "type": "password",
          },
          "ref": null,
          "rendered": null,
          "type": "input",
        },
        Object {
          "instance": null,
          "key": undefined,
          "nodeType": "host",
          "props": Object {
            "children": "Sign Up",
          },
          "ref": null,
          "rendered": "Sign Up",
          "type": "button",
        },
        undefined,
      ],
      "type": "form",
    },
  ],
  Symbol(enzyme.__options__): Object {
    "adapter": ReactSixteenAdapter {
      "options": Object {
        "enableComponentDidUpdateOnSetState": true,
      },
    },
  },
}
`;
